
> seg-inventaire@0.0.0 build
> tsc -b && vite build

src/components/inventory/InventoryDialog.tsx(89,13): error TS2322: Type 'string | null | undefined' is not assignable to type 'string | undefined'.
  Type 'null' is not assignable to type 'string | undefined'.
src/components/inventory/InventoryDrawer.tsx(79,21): error TS2345: Argument of type '{ action: string; changes: Json; created_at: string | null; id: string; inventory_id: string | null; item_name: string; user_id: string | null; }[]' is not assignable to parameter of type 'SetStateAction<StockActivity[]>'.
  Type '{ action: string; changes: Json; created_at: string | null; id: string; inventory_id: string | null; item_name: string; user_id: string | null; }[]' is not assignable to type 'StockActivity[]'.
    Type '{ action: string; changes: Json; created_at: string | null; id: string; inventory_id: string | null; item_name: string; user_id: string | null; }' is not assignable to type 'StockActivity'.
      Types of property 'created_at' are incompatible.
        Type 'string | null' is not assignable to type 'string'.
          Type 'null' is not assignable to type 'string'.
src/components/inventory/InventoryDrawer.tsx(283,26): error TS18049: 'loc.quantity' is possibly 'null' or 'undefined'.
src/components/inventory/InventoryStats.tsx(38,16): error TS18047: 'item.stock' is possibly 'null'.
src/components/inventory/StockAdjustmentDialog.tsx(163,55): error TS18047: 'maxRemovable' is possibly 'null'.
src/components/inventory/StockAdjustmentDialog.tsx(282,25): error TS2322: Type 'string | undefined' is not assignable to type 'string'.
  Type 'undefined' is not assignable to type 'string'.
src/components/inventory/StockAdjustmentDialog.tsx(283,25): error TS2322: Type 'number | null | undefined' is not assignable to type 'number'.
  Type 'undefined' is not assignable to type 'number'.
src/components/inventory/StockAdjustmentDialog.tsx(284,25): error TS2322: Type 'string | null | undefined' is not assignable to type 'string | undefined'.
  Type 'null' is not assignable to type 'string | undefined'.
src/hooks/useInventoryPage.ts(265,51): error TS2769: No overload matches this call.
  Overload 1 of 2, '(values: { action: string; changes?: Json | undefined; created_at?: string | null | undefined; id?: string | undefined; inventory_id?: string | null | undefined; item_name: string; user_id?: string | ... 1 more ... | undefined; }, options?: { ...; } | undefined): PostgrestFilterBuilder<...>', gave the following error.
    Type 'Record<string, unknown>' is not assignable to type 'Json | undefined'.
      Type 'Record<string, unknown>' is missing the following properties from type 'Json[]': length, pop, push, concat, and 29 more.
  Overload 2 of 2, '(values: { action: string; changes?: Json | undefined; created_at?: string | null | undefined; id?: string | undefined; inventory_id?: string | null | undefined; item_name: string; user_id?: string | ... 1 more ... | undefined; }[], options?: { ...; } | undefined): PostgrestFilterBuilder<...>', gave the following error.
    Object literal may only specify known properties, and 'inventory_id' does not exist in type '{ action: string; changes?: Json | undefined; created_at?: string | null | undefined; id?: string | undefined; inventory_id?: string | null | undefined; item_name: string; user_id?: string | ... 1 more ... | undefined; }[]'.
src/hooks/useInventoryPage.ts(358,23): error TS2769: No overload matches this call.
  Overload 1 of 2, '(values: { created_at?: string | null | undefined; id?: string | undefined; inventory_id: string; location: string; parent_location?: string | null | undefined; quantity?: number | null | undefined; }, options?: { ...; } | undefined): PostgrestFilterBuilder<...>', gave the following error.
    Argument of type '{ inventory_id: string; location: string | undefined; quantity: number; parent_location: string | null | undefined; }[]' is not assignable to parameter of type '{ created_at?: string | null | undefined; id?: string | undefined; inventory_id: string; location: string; parent_location?: string | null | undefined; quantity?: number | null | undefined; }'.
      Type '{ inventory_id: string; location: string | undefined; quantity: number; parent_location: string | null | undefined; }[]' is missing the following properties from type '{ created_at?: string | null | undefined; id?: string | undefined; inventory_id: string; location: string; parent_location?: string | null | undefined; quantity?: number | null | undefined; }': inventory_id, location
  Overload 2 of 2, '(values: { created_at?: string | null | undefined; id?: string | undefined; inventory_id: string; location: string; parent_location?: string | null | undefined; quantity?: number | null | undefined; }[], options?: { ...; } | undefined): PostgrestFilterBuilder<...>', gave the following error.
    Argument of type '{ inventory_id: string; location: string | undefined; quantity: number; parent_location: string | null | undefined; }[]' is not assignable to parameter of type '{ created_at?: string | null | undefined; id?: string | undefined; inventory_id: string; location: string; parent_location?: string | null | undefined; quantity?: number | null | undefined; }[]'.
      Type '{ inventory_id: string; location: string | undefined; quantity: number; parent_location: string | null | undefined; }' is not assignable to type '{ created_at?: string | null | undefined; id?: string | undefined; inventory_id: string; location: string; parent_location?: string | null | undefined; quantity?: number | null | undefined; }'.
        Types of property 'location' are incompatible.
          Type 'string | undefined' is not assignable to type 'string'.
            Type 'undefined' is not assignable to type 'string'.
src/hooks/useInventoryPage.ts(364,12): error TS2769: No overload matches this call.
  Overload 1 of 2, '(values: { category: string; created_at?: string | null | undefined; id?: string | undefined; image_url?: string | null | undefined; location?: string | null | undefined; low_stock_threshold?: number | ... 1 more ... | undefined; ... 4 more ...; unit_cost?: number | ... 1 more ... | undefined; }, options?: { ...; } | undefined): PostgrestFilterBuilder<...>', gave the following error.
    Argument of type '{ name: string | undefined; category: string | undefined; sku: string | undefined; stock?: number | null | undefined; id?: string | undefined; created_at?: string | null | undefined; ... 4 more ...; unit_cost?: number | ... 1 more ... | undefined; }[]' is not assignable to parameter of type '{ category: string; created_at?: string | null | undefined; id?: string | undefined; image_url?: string | null | undefined; location?: string | null | undefined; low_stock_threshold?: number | ... 1 more ... | undefined; ... 4 more ...; unit_cost?: number | ... 1 more ... | undefined; }'.
      Type '{ name: string | undefined; category: string | undefined; sku: string | undefined; stock?: number | null | undefined; id?: string | undefined; created_at?: string | null | undefined; ... 4 more ...; unit_cost?: number | ... 1 more ... | undefined; }[]' is missing the following properties from type '{ category: string; created_at?: string | null | undefined; id?: string | undefined; image_url?: string | null | undefined; location?: string | null | undefined; low_stock_threshold?: number | ... 1 more ... | undefined; ... 4 more ...; unit_cost?: number | ... 1 more ... | undefined; }': category, name
  Overload 2 of 2, '(values: { category: string; created_at?: string | null | undefined; id?: string | undefined; image_url?: string | null | undefined; location?: string | null | undefined; low_stock_threshold?: number | ... 1 more ... | undefined; ... 4 more ...; unit_cost?: number | ... 1 more ... | undefined; }[], options?: { ...; } | undefined): PostgrestFilterBuilder<...>', gave the following error.
    Type '{ name: string | undefined; category: string | undefined; sku: string | undefined; stock?: number | null | undefined; id?: string | undefined; created_at?: string | null | undefined; ... 4 more ...; unit_cost?: number | ... 1 more ... | undefined; }' is not assignable to type '{ category: string; created_at?: string | null | undefined; id?: string | undefined; image_url?: string | null | undefined; location?: string | null | undefined; low_stock_threshold?: number | ... 1 more ... | undefined; ... 4 more ...; unit_cost?: number | ... 1 more ... | undefined; }'.
      Types of property 'category' are incompatible.
        Type 'string | undefined' is not assignable to type 'string'.
          Type 'undefined' is not assignable to type 'string'.
src/hooks/useInventoryPage.ts(402,25): error TS2769: No overload matches this call.
  Overload 1 of 2, '(values: { created_at?: string | null | undefined; id?: string | undefined; inventory_id: string; location: string; parent_location?: string | null | undefined; quantity?: number | null | undefined; }, options?: { ...; } | undefined): PostgrestFilterBuilder<...>', gave the following error.
    Argument of type '{ inventory_id: string; location: string | undefined; quantity: number; parent_location: string | null | undefined; }[]' is not assignable to parameter of type '{ created_at?: string | null | undefined; id?: string | undefined; inventory_id: string; location: string; parent_location?: string | null | undefined; quantity?: number | null | undefined; }'.
      Type '{ inventory_id: string; location: string | undefined; quantity: number; parent_location: string | null | undefined; }[]' is missing the following properties from type '{ created_at?: string | null | undefined; id?: string | undefined; inventory_id: string; location: string; parent_location?: string | null | undefined; quantity?: number | null | undefined; }': inventory_id, location
  Overload 2 of 2, '(values: { created_at?: string | null | undefined; id?: string | undefined; inventory_id: string; location: string; parent_location?: string | null | undefined; quantity?: number | null | undefined; }[], options?: { ...; } | undefined): PostgrestFilterBuilder<...>', gave the following error.
    Argument of type '{ inventory_id: string; location: string | undefined; quantity: number; parent_location: string | null | undefined; }[]' is not assignable to parameter of type '{ created_at?: string | null | undefined; id?: string | undefined; inventory_id: string; location: string; parent_location?: string | null | undefined; quantity?: number | null | undefined; }[]'.
      Type '{ inventory_id: string; location: string | undefined; quantity: number; parent_location: string | null | undefined; }' is not assignable to type '{ created_at?: string | null | undefined; id?: string | undefined; inventory_id: string; location: string; parent_location?: string | null | undefined; quantity?: number | null | undefined; }'.
        Types of property 'location' are incompatible.
          Type 'string | undefined' is not assignable to type 'string'.
            Type 'undefined' is not assignable to type 'string'.
src/pages/Appliances.tsx(107,10): error TS2769: No overload matches this call.
  Overload 1 of 2, '(values: { brand?: string | null | undefined; created_at?: string | null | undefined; expected_life?: number | null | undefined; id?: string | undefined; location?: string | null | undefined; ... 11 more ...; warranty_expiry?: string | ... 1 more ... | undefined; }, options?: { ...; } | undefined): PostgrestFilterBuilder<...>', gave the following error.
    Argument of type '{ user_id: string; brand?: string | null | undefined; created_at?: string | null | undefined; expected_life?: number | null | undefined; id?: string | undefined; location?: string | null | undefined; ... 10 more ...; warranty_expiry?: string | ... 1 more ... | undefined; }[]' is not assignable to parameter of type '{ brand?: string | null | undefined; created_at?: string | null | undefined; expected_life?: number | null | undefined; id?: string | undefined; location?: string | null | undefined; ... 11 more ...; warranty_expiry?: string | ... 1 more ... | undefined; }'.
      Type '{ user_id: string; brand?: string | null | undefined; created_at?: string | null | undefined; expected_life?: number | null | undefined; id?: string | undefined; location?: string | null | undefined; ... 10 more ...; warranty_expiry?: string | ... 1 more ... | undefined; }[]' is missing the following properties from type '{ brand?: string | null | undefined; created_at?: string | null | undefined; expected_life?: number | null | undefined; id?: string | undefined; location?: string | null | undefined; ... 11 more ...; warranty_expiry?: string | ... 1 more ... | undefined; }': name, user_id
  Overload 2 of 2, '(values: { brand?: string | null | undefined; created_at?: string | null | undefined; expected_life?: number | null | undefined; id?: string | undefined; location?: string | null | undefined; ... 11 more ...; warranty_expiry?: string | ... 1 more ... | undefined; }[], options?: { ...; } | undefined): PostgrestFilterBuilder<...>', gave the following error.
    Type '{ user_id: string; brand?: string | null | undefined; created_at?: string | null | undefined; expected_life?: number | null | undefined; id?: string | undefined; location?: string | null | undefined; ... 10 more ...; warranty_expiry?: string | ... 1 more ... | undefined; }' is not assignable to type '{ brand?: string | null | undefined; created_at?: string | null | undefined; expected_life?: number | null | undefined; id?: string | undefined; location?: string | null | undefined; ... 11 more ...; warranty_expiry?: string | ... 1 more ... | undefined; }'.
      Types of property 'name' are incompatible.
        Type 'string | undefined' is not assignable to type 'string'.
          Type 'undefined' is not assignable to type 'string'.
src/pages/Appliances.tsx(156,10): error TS2769: No overload matches this call.
  Overload 1 of 2, '(values: { appliance_id: string; cost?: number | null | undefined; created_at?: string | null | undefined; description: string; id?: string | undefined; parts?: Json | undefined; repair_date?: string | ... 1 more ... | undefined; service_provider?: string | ... 1 more ... | undefined; }, options?: { ...; } | undefined): PostgrestFilterBuilder<...>', gave the following error.
    Argument of type '{ appliance_id: string; id?: string | undefined; created_at?: string | null | undefined; description?: string | undefined; cost?: number | null | undefined; repair_date?: string | null | undefined; service_provider?: string | ... 1 more ... | undefined; parts?: RepairPart[] | ... 1 more ... | undefined; }[]' is not assignable to parameter of type '{ appliance_id: string; cost?: number | null | undefined; created_at?: string | null | undefined; description: string; id?: string | undefined; parts?: Json | undefined; repair_date?: string | ... 1 more ... | undefined; service_provider?: string | ... 1 more ... | undefined; }'.
      Type '{ appliance_id: string; id?: string | undefined; created_at?: string | null | undefined; description?: string | undefined; cost?: number | null | undefined; repair_date?: string | null | undefined; service_provider?: string | ... 1 more ... | undefined; parts?: RepairPart[] | ... 1 more ... | undefined; }[]' is missing the following properties from type '{ appliance_id: string; cost?: number | null | undefined; created_at?: string | null | undefined; description: string; id?: string | undefined; parts?: Json | undefined; repair_date?: string | ... 1 more ... | undefined; service_provider?: string | ... 1 more ... | undefined; }': appliance_id, description
  Overload 2 of 2, '(values: { appliance_id: string; cost?: number | null | undefined; created_at?: string | null | undefined; description: string; id?: string | undefined; parts?: Json | undefined; repair_date?: string | ... 1 more ... | undefined; service_provider?: string | ... 1 more ... | undefined; }[], options?: { ...; } | undefined): PostgrestFilterBuilder<...>', gave the following error.
    Type '{ appliance_id: string; id?: string | undefined; created_at?: string | null | undefined; description?: string | undefined; cost?: number | null | undefined; repair_date?: string | null | undefined; service_provider?: string | ... 1 more ... | undefined; parts?: RepairPart[] | ... 1 more ... | undefined; }' is not assignable to type '{ appliance_id: string; cost?: number | null | undefined; created_at?: string | null | undefined; description: string; id?: string | undefined; parts?: Json | undefined; repair_date?: string | ... 1 more ... | undefined; service_provider?: string | ... 1 more ... | undefined; }'.
      Types of property 'description' are incompatible.
        Type 'string | undefined' is not assignable to type 'string'.
          Type 'undefined' is not assignable to type 'string'.
src/pages/Appliances.tsx(183,18): error TS2345: Argument of type '{ appliance_id: string; cost: number | null; created_at: string | null; description: string; id: string; parts: Json; repair_date: string | null; service_provider: string | null; }[]' is not assignable to parameter of type 'SetStateAction<Repair[]>'.
  Type '{ appliance_id: string; cost: number | null; created_at: string | null; description: string; id: string; parts: Json; repair_date: string | null; service_provider: string | null; }[]' is not assignable to type 'Repair[]'.
    Type '{ appliance_id: string; cost: number | null; created_at: string | null; description: string; id: string; parts: Json; repair_date: string | null; service_provider: string | null; }' is not assignable to type 'Repair'.
      Type '{ appliance_id: string; cost: number | null; created_at: string | null; description: string; id: string; parts: Json; repair_date: string | null; service_provider: string | null; }' is not assignable to type '{ parts: RepairPart[] | null; }'.
        Types of property 'parts' are incompatible.
          Type 'Json' is not assignable to type 'RepairPart[] | null'.
            Type 'string' is not assignable to type 'RepairPart[]'.
src/pages/Appliances.tsx(412,9): error TS2322: Type '{ name: string; sku: string; category: string | null; }[]' is not assignable to type 'PrintItem[]'.
  Type '{ name: string; sku: string; category: string | null; }' is not assignable to type 'PrintItem'.
    Types of property 'category' are incompatible.
      Type 'string | null' is not assignable to type 'string'.
        Type 'null' is not assignable to type 'string'.
src/pages/Inventory.tsx(235,23): error TS2322: Type 'InventoryItem[]' is not assignable to type 'PrintItem[]'.
  Type 'InventoryItem' is not assignable to type 'PrintItem'.
    Types of property 'sku' are incompatible.
      Type 'string | null' is not assignable to type 'string'.
        Type 'null' is not assignable to type 'string'.
src/utils/push-notifications.ts(46,65): error TS2769: No overload matches this call.
  Overload 1 of 2, '(values: { created_at?: string | null | undefined; device_info?: string | null | undefined; endpoint: string; id?: string | undefined; subscription: Json; user_id: string; }, options?: { ...; } | undefined): PostgrestFilterBuilder<...>', gave the following error.
    Type 'PushSubscriptionJSON' is not assignable to type 'Json'.
      Type 'PushSubscriptionJSON' is not assignable to type '{ [key: string]: Json | undefined; }'.
        Index signature for type 'string' is missing in type 'PushSubscriptionJSON'.
  Overload 2 of 2, '(values: { created_at?: string | null | undefined; device_info?: string | null | undefined; endpoint: string; id?: string | undefined; subscription: Json; user_id: string; }[], options?: { ...; } | undefined): PostgrestFilterBuilder<...>', gave the following error.
    Object literal may only specify known properties, and 'user_id' does not exist in type '{ created_at?: string | null | undefined; device_info?: string | null | undefined; endpoint: string; id?: string | undefined; subscription: Json; user_id: string; }[]'.
